// Jest Snapshot v1, https://goo.gl/fbAQLP

exports[`PPBMSG Action Creators =>  ASYNC  fetchOrder(CHUU) => should return success action 1`] = `
Array [
  Object {
    "payload": Object {
      "error": null,
      "id": null,
      "itemsInfo": Array [],
      "orderAddress": null,
      "prdNum": null,
    },
    "type": "START_FETCH_ORDER",
  },
  Object {
    "payload": Object {
      "error": "",
      "id": "o_1",
      "itemsInfo": Array [
        Object {
          "image": undefined,
          "name": undefined,
          "price": undefined,
        },
      ],
      "orderAddress": "hello address",
      "prdNum": 3,
    },
    "type": "SUCCESS_FETCH_ORDER",
  },
  Object {
    "payload": Object {
      "location": Object {
        "latitude": 37.551954,
        "latitudeDelta": 0.0922,
        "longitude": 127.058964,
        "longitudeDelta": 0.0421,
      },
    },
    "type": "SUCCESS_FETCH_LOC",
  },
]
`;

exports[`PPBMSG Action Creators =>  ASYNC  fetchOrder(NULL) => should return fail action 1`] = `
Array [
  Object {
    "payload": Object {
      "error": null,
      "id": null,
      "itemsInfo": Array [],
      "orderAddress": null,
      "prdNum": null,
    },
    "type": "START_FETCH_ORDER",
  },
  Object {
    "payload": Object {
      "error": "",
      "id": "o_1",
      "itemsInfo": Array [
        Object {
          "image": undefined,
          "name": undefined,
          "price": undefined,
        },
      ],
      "orderAddress": "hello address",
      "prdNum": 3,
    },
    "type": "SUCCESS_FETCH_ORDER",
  },
  Object {
    "payload": Object {
      "location": Object {
        "latitude": 37.551954,
        "latitudeDelta": 0.0922,
        "longitude": 127.058964,
        "longitudeDelta": 0.0421,
      },
    },
    "type": "SUCCESS_FETCH_LOC",
  },
]
`;

exports[`PPBMSG Action Creators =>  SYNC  successFetchOrderAction => should create an order payload 1`] = `
Object {
  "payload": Object {
    "error": "",
    "id": undefined,
    "itemsInfo": undefined,
    "orderAddress": "undefined undefined",
    "prdNum": 0,
  },
  "type": "SUCCESS_FETCH_ORDER",
}
`;
