// Jest Snapshot v1, https://goo.gl/fbAQLP

exports[`PPBMSG Action Creators =>  ASYNC  fetchOrder(CHUU) => should return success action 1`] = `
Array [
  Object {
    "payload": Object {
      "error": null,
      "id": null,
      "itemsInfo": Array [],
      "orderAddress": null,
      "prdNum": null,
    },
    "type": "START_FETCH_ORDER",
  },
  Object {
    "payload": Object {
      "error": null,
      "id": null,
      "itemsInfo": Array [],
      "orderAddress": null,
      "prdNum": null,
    },
    "type": "FAIL_FETCH_ORDER",
  },
  Object {
    "payload": Object {
      "latitude": 0,
      "latitudeDelta": 0.0922,
      "longitude": 0,
      "longitudeDelta": 0.0421,
    },
    "type": "FAIL_FETCH_LOC",
  },
]
`;

exports[`PPBMSG Action Creators =>  ASYNC  fetchOrder(NULL) => should return fail action 1`] = `
Array [
  Object {
    "payload": Object {
      "error": null,
      "id": null,
      "itemsInfo": Array [],
      "orderAddress": null,
      "prdNum": null,
    },
    "type": "START_FETCH_ORDER",
  },
  Object {
    "payload": Object {
      "error": null,
      "id": null,
      "itemsInfo": Array [],
      "orderAddress": null,
      "prdNum": null,
    },
    "type": "FAIL_FETCH_ORDER",
  },
  Object {
    "payload": Object {
      "latitude": 0,
      "latitudeDelta": 0.0922,
      "longitude": 0,
      "longitudeDelta": 0.0421,
    },
    "type": "FAIL_FETCH_LOC",
  },
]
`;

exports[`PPBMSG Action Creators =>  SYNC  successFetchOrderAction => should create an order payload 1`] = `
Object {
  "payload": Object {
    "error": "",
    "id": "o_1",
    "itemsInfo": undefined,
    "orderAddress": "hello address",
    "prdNum": 3,
  },
  "type": "SUCCESS_FETCH_ORDER",
}
`;
