// Jest Snapshot v1, https://goo.gl/fbAQLP

exports[`PPBMSG Action Creators =>  ASYNC  fetchOrder(CHUU) => should return success action 1`] = `
Array [
  Object {
    "payload": Object {
      "error": "",
      "id": "",
      "images": Array [],
      "orderAddress": "",
      "prdNum": "",
    },
    "type": "START_FETCH_ORDER",
  },
  Object {
    "payload": Object {
      "error": [TypeError: (0 , _common.getOrderFetcjUrl) is not a function],
      "id": "",
      "images": Array [],
      "orderAddress": "",
      "prdNum": "",
    },
    "type": "FAIL_FETCH_ORDER",
  },
  Object {
    "payload": Object {
      "location": Object {
        "lat": 0,
        "lng": 0,
        "longitudeDelta": 0.0421,
      },
    },
    "type": "FAIL_FETCH_LOC",
  },
]
`;

exports[`PPBMSG Action Creators =>  ASYNC  fetchOrder(NULL) => should return fail action 1`] = `
Array [
  Object {
    "payload": Object {
      "error": "",
      "id": "",
      "images": Array [],
      "orderAddress": "",
      "prdNum": "",
    },
    "type": "START_FETCH_ORDER",
  },
  Object {
    "payload": Object {
      "error": [TypeError: (0 , _common.getOrderFetcjUrl) is not a function],
      "id": "",
      "images": Array [],
      "orderAddress": "",
      "prdNum": "",
    },
    "type": "FAIL_FETCH_ORDER",
  },
  Object {
    "payload": Object {
      "location": Object {
        "lat": 0,
        "lng": 0,
        "longitudeDelta": 0.0421,
      },
    },
    "type": "FAIL_FETCH_LOC",
  },
]
`;

exports[`PPBMSG Action Creators =>  SYNC  successFetchOrderAction => should create an order payload 1`] = `
Object {
  "payload": Object {
    "error": "",
    "id": undefined,
    "images": undefined,
    "orderAddress": "undefined undefined",
    "prdNum": 0,
  },
  "type": "SUCCESS_FETCH_ORDER",
}
`;
